// Jest Snapshot v1, https://goo.gl/fbAQLP

exports[`Button should create a snaphot 1`] = `
<DocumentFragment>
  <button
    class="css-vhv7r1"
  >
     Hi
  </button>
</DocumentFragment>
`;
